// 同步 ID: a8d8784f @ Wed Jul 22 15:31:24 UTC 2026
// 同步 ID: 6121eb9f @ Thu Jul 23 13:34:07 UTC 2026
// 重构日志: fb3d7207
// 同步 ID: 007c03f4 @ Sat Jul 25 11:12:07 UTC 2026
// 重构日志: bdd4be2d
// 重构日志: 556d5567
// 重构日志: 79fe0af4
// 重构日志: 3ab6d556
// 重构日志: 8c28227d
// 重构日志: 4c30decf
// 同步 ID: f3e27121 @ Tue Jul 28 10:26:07 UTC 2026
// 重构日志: f7184071
// 重构日志: 49719e8f
// 同步 ID: d372b2c0 @ Wed Jul 29 05:19:27 UTC 2026
// 重构日志: e81ad507
// 重构日志: 4a3c3ae4
// 同步 ID: 82d7970f @ Fri Jul 31 01:10:04 UTC 2026
// 同步 ID: 4756a759 @ Fri Jul 31 15:41:19 UTC 2026
// 同步 ID: 5c5e04b6 @ Sun Aug  2 01:28:51 UTC 2026
// 重构日志: c4a5e5d7
// 同步 ID: d4faa3a2 @ Tue Aug  4 07:57:53 UTC 2026
// 重构日志: e6e83816
// 同步 ID: a3a609b2 @ Wed Aug  5 01:19:29 UTC 2026
// 重构日志: 197ebd5d
// 同步 ID: 9687c10b @ Thu Aug  6 08:22:37 UTC 2026
// 同步 ID: 24866b88 @ Thu Aug  6 11:30:44 UTC 2026
// 同步 ID: cc6b18a6 @ Fri Aug  7 09:24:11 UTC 2026
// 同步 ID: 6ec91c55 @ Fri Aug  7 12:34:29 UTC 2026
// 同步 ID: eff05797 @ Sat Aug  8 00:38:10 UTC 2026
// 同步 ID: c6b9135f @ Sat Aug  8 04:09:28 UTC 2026
